// Vitest Snapshot v1

exports[`FeatureItem > mounts and is still the same 1`] = `
"<div class=\\"flex flex-col space-y-3 text-center\\"><i class=\\"pi-database pi text-SideBase-green\\" style=\\"font-size: 3rem;\\"></i>
  <h1 class=\\"text-3xl text-SideBase-green font-bold\\">Line 1</h1>
  <p class=\\"text-gray-300\\">Description</p>
</div>"
`;
